<html>
<body>
<pre>
<h1>µVision Build Log</h1>
<h2>Project:</h2>
C:\Users\Abdul Rasheed\Documents\Keil_Workspace\USART\UART_configure.uvproj
Project File Date:  11/15/2015

<h2>Output:</h2>
Build target 'Target 1'
compiling main.c...
header.h(16): warning:  #1-D: last line of file ends without a newline
  #endif
main.c(37): warning:  #1-D: last line of file ends without a newline
  }
main.c(6): warning:  #177-D: variable "array" was declared but never referenced
        char* array;
main.c: 3 warnings, 0 errors
linking...
Program Size: Code=4380 RO-data=424 RW-data=36 ZI-data=1028  
FromELF: creating hex file...
".\UART_configure.axf" - 0 Error(s), 3 Warning(s).
Load "C:\\Users\\Abdul Rasheed\\Documents\\Keil_Workspace\\USART\\UART_configure.axf" 
Erase Done.
Programming Done.
Verify OK.
</pre>
</body>
</html>

Verify OK.
s\\Keil_Workspace\\USART\\UART_configure.axf" 
Erase Done.
Programming Done.
Verify OK.
Load "C:\\Users\\Abdul Rasheed\\Documents\\Keil_Workspace\\USART\\UART_configure.axf" 
Erase Done.
Programming Done.
Verify OK.
tm32f4xx_cryp_tdes.c...
compiling stm32f4xx_dac.c...
compiling stm32f4xx_dbgmcu.c...
compiling stm32f4xx_dcmi.c...
compiling stm32f4xx_dma.c...
compiling stm32f4xx_dma2d.c...
compiling stm32f4xx_exti.c...
compiling stm32f4xx_flash.c...
compiling stm32f4xx_flash_ramfunc.c...
compiling stm32f4xx_fmpi2c.c...
compiling stm32f4xx_fsmc.c...
compiling stm32f4xx_gpio.c...
compiling stm32f4xx_hash.c...
compiling stm32f4xx_hash_md5.c...
compiling stm32f4xx_hash_sha1.c...
compiling stm32f4xx_i2c.c...
compiling stm32f4xx_iwdg.c...
compiling stm32f4xx_ltdc.c...
compiling stm32f4xx_pwr.c...
compiling stm32f4xx_qspi.c...
compiling stm32f4xx_rcc.c...
compiling stm32f4xx_rng.c...
compiling stm32f4xx_rtc.c...
compiling stm32f4xx_sai.c...
compiling stm32f4xx_sdio.c...
compiling stm32f4xx_spdifrx.c...
compiling stm32f4xx_spi.c...
compiling stm32f4xx_syscfg.c...
compiling stm32f4xx_tim.c...
compiling stm32f4xx_usart.c...
compiling stm32f4xx_wwdg.c...
linking...
Program Size: Code=4328 RO-data=424 RW-data=36 ZI-data=1028  
FromELF: creating hex file...
".\UART_configure.axf" - 0 Error(s), 5 Warning(s).
Load "C:\\Users\\Abdul Rasheed\\Documents\\Keil_Workspace\\USART\\UART_configure.axf" 
Error: Flash Download failed  -  Target DLL has been cancelled
